
================================================================================
Data Execução: 2026-08-13 22:07:12
Período: 2026-01-01 até 2026-08-13
REPORT_ID: 665ceac4-92ff-41b4-a3ee-2fd2a0c0aea4
FILE_ID: e3be5a26-cfaa-42a9-a817-2f02b5c81505
Arquivo: vendas_cursos_livres_2026-01-01_2026-08-13.csv
Tempo Processamento: 31.0 minutos
Tempo Total: 31.08 minutos
Status: SUCESSO

================================================================================
Data Execução: 2026-08-14 11:03:50
Período: 2026-01-01 até 2026-08-14
REPORT_ID: 67c8d2f3-fce6-4b2c-bdb1-16ce0294715e
FILE_ID: 10a5bccd-b70f-45db-a2fb-89a4852d4c20
Arquivo: vendas_cursos_livres_2026-01-01_2026-08-14.csv
Tempo Processamento: 20.84 minutos
Tempo Total: 20.92 minutos
Status: SUCESSO

================================================================================
Data Execução: 2026-08-14 23:02:04
Período: 2026-07-30 até 2026-08-14
REPORT_ID: 7a22aafe-2e8d-48ca-bece-b1f53ff9fef3
FILE_ID: 8f42321e-2f63-4f9d-9087-8c2a850c27f8
Arquivo: vendas_cursos_livres_2026-07-30_2026-08-14.csv
Tempo Processamento: 2.36 minutos
Tempo Total: 2.4 minutos
Status: SUCESSO

================================================================================
Data Execução: 2026-08-15 21:49:38
Período: 2026-07-31 até 2026-08-15
REPORT_ID: 191ad6bb-9b3b-444e-8e14-3c864ef7c49c
FILE_ID: 19eb09e9-3711-4449-9bb3-069a088893bb
Arquivo: vendas_cursos_livres_2026-07-31_2026-08-15.csv
Tempo Processamento: 2.35 minutos
Tempo Total: 2.41 minutos
Status: SUCESSO

================================================================================
Data Execução: 2026-08-15 22:43:41
Período: 2026-07-31 até 2026-08-15
REPORT_ID: 4ee4d39f-e8de-431b-9061-bab121c34d2e
FILE_ID: c894ff46-9a78-4926-b08e-b84fb574a4a4
Arquivo: vendas_cursos_livres_2026-07-31_2026-08-15.csv
Tempo Processamento: 0.73 minutos
Tempo Total: 0.78 minutos
Status: SUCESSO

================================================================================
Data Execução: 2026-08-15 22:53:45
Período: 2026-07-31 até 2026-08-15
REPORT_ID: e06eb491-4341-4a3f-8fc4-6d60cf783da6
FILE_ID: 06095171-4469-43ec-bb33-1e31a053c809
Arquivo: vendas_cursos_livres_2026-07-31_2026-08-15.csv
Tempo Processamento: 0.73 minutos
Tempo Total: 0.77 minutos
Status: SUCESSO

================================================================================
Data Execução: 2026-08-15 23:07:40
Período: 2026-07-31 até 2026-08-15
REPORT_ID: c1c4ada2-678c-4ac6-9621-6afef4ae5dc7
FILE_ID: 49140f27-69b6-4970-9bf9-b818cdb33c05
Arquivo: vendas_cursos_livres_2026-07-31_2026-08-15.csv
Tempo Processamento: 2.37 minutos
Tempo Total: 2.44 minutos
Status: SUCESSO

================================================================================
Data Execução: 2026-08-15 23:11:30
Período: 2026-07-31 até 2026-08-15
REPORT_ID: 51777142-2da4-4f36-923f-6e60f1ef4581
FILE_ID: fcfa971d-d0f9-4ea7-bb97-ed7e124ddc2c
Arquivo: vendas_cursos_livres_2026-07-31_2026-08-15.csv
Tempo Processamento: 2.2 minutos
Tempo Total: 2.24 minutos
Status: SUCESSO

================================================================================
Data Execução: 2026-08-15 23:19:51
Período: 2026-07-31 até 2026-08-15
REPORT_ID: 149ebcc5-57fe-4381-a8c9-84214315cf0c
FILE_ID: 47021b5d-d366-4493-9fd4-d7057b076e8a
Arquivo: vendas_cursos_livres_2026-07-31_2026-08-15.csv
Tempo Processamento: 2.2 minutos
Tempo Total: 2.3 minutos
Status: SUCESSO

================================================================================
Data Execução: 2026-08-15 23:33:52
Período: 2026-07-31 até 2026-08-15
REPORT_ID: 7cad1412-27b8-400e-bb58-418982096ad0
FILE_ID: 488c67b2-917a-49d4-869b-d63e1d16a899
Arquivo: vendas_cursos_livres_2026-07-31_2026-08-15.csv
Tempo Processamento: 1.46 minutos
Tempo Total: 1.57 minutos
Status: SUCESSO

================================================================================
Data Execução: 2026-08-15 23:45:03
Período: 2026-07-31 até 2026-08-15
REPORT_ID: 654d9067-91ac-4fee-aae6-548c6abedf9f
FILE_ID: 2ca401dd-d335-4150-8e40-d2265b13c977
Arquivo: vendas_cursos_livres_2026-07-31_2026-08-15.csv
Tempo Processamento: 1.99 minutos
Tempo Total: 2.03 minutos
Status: SUCESSO

================================================================================
Data Execução: 2026-08-15 23:50:43
Período: 2026-07-31 até 2026-08-15
REPORT_ID: 125f1e8b-5c3a-4c68-b6eb-007ff6b93888
FILE_ID: 0bcbaa98-61a4-4732-ab1e-419730b63413
Arquivo: vendas_cursos_livres_2026-07-31_2026-08-15.csv
Tempo Processamento: 2.15 minutos
Tempo Total: 2.21 minutos
Status: SUCESSO

================================================================================
Data Execução: 2026-08-16 15:14:57
Período: 2026-08-01 até 2026-08-16
REPORT_ID: 529b8b0c-b72a-4b62-9b99-69dddae081fa
FILE_ID: a69f309e-1691-4af0-a6af-1221913c7a11
Arquivo: vendas_cursos_livres_2026-08-01_2026-08-16.csv
Tempo Processamento: 2.2 minutos
Tempo Total: 2.26 minutos
Status: SUCESSO

================================================================================
Data Execução: 2026-08-16 15:47:20
Período: 2026-08-01 até 2026-08-16
REPORT_ID: 837b49e4-fc9a-4db7-bf3d-95ab6e500aa8
FILE_ID: 0991e40c-17c4-48a3-a126-6d2c0356d847
Arquivo: vendas_cursos_livres_2026-08-01_2026-08-16.csv
Tempo Processamento: 2.17 minutos
Tempo Total: 2.24 minutos
Status: SUCESSO

================================================================================
Data Execução: 2026-08-16 21:52:15
Período: 2026-08-01 até 2026-08-16
REPORT_ID: 8bb2aca0-c058-4898-bcfd-6b4d582263af
FILE_ID: c308889a-af34-44cd-859d-e7c10c86f670
Arquivo: vendas_cursos_livres_2026-08-01_2026-08-16.csv
Tempo Processamento: 1.99 minutos
Tempo Total: 2.06 minutos
Status: SUCESSO

================================================================================
Data Execução: 2026-08-16 22:09:17
Período: 2026-08-01 até 2026-08-16
REPORT_ID: 7c7f45b7-a171-4e65-b2b0-fec9979665ac
FILE_ID: d76bd1e4-6520-4e86-8ba6-6fa9f8260eb9
Arquivo: vendas_cursos_livres_2026-08-01_2026-08-16.csv
Tempo Processamento: 2.2 minutos
Tempo Total: 2.35 minutos
Status: SUCESSO

================================================================================
Data Execução: 2026-08-16 22:14:39
Período: 2026-08-01 até 2026-08-16
REPORT_ID: 4d5f114f-24ae-455b-a4a2-eea148e29142
FILE_ID: 404429ea-a031-4992-ad0e-5cbff698166e
Arquivo: vendas_cursos_livres_2026-08-01_2026-08-16.csv
Tempo Processamento: 2.19 minutos
Tempo Total: 2.33 minutos
Status: SUCESSO

================================================================================
Data Execução: 2026-08-16 22:27:51
Período: 2026-08-01 até 2026-08-16
REPORT_ID: 7f74cda7-acb4-463a-b24d-81d937180318
FILE_ID: b928258a-e075-4c9d-8004-a038e1b3ff94
Arquivo: vendas_cursos_livres_2026-08-01_2026-08-16.csv
Tempo Processamento: 2.75 minutos
Tempo Total: 3.02 minutos
Status: SUCESSO

================================================================================
Data Execução: 2026-08-17 23:40:27
Período: 2026-08-02 até 2026-08-17
REPORT_ID: 837f6475-26a7-4b2c-96a6-ae247dae2248
FILE_ID: 8e30b169-3842-4adf-912c-1616087b73b4
Arquivo: vendas_cursos_livres_2026-08-02_2026-08-17.csv
Tempo Processamento: 0.92 minutos
Tempo Total: 1.23 minutos
Status: SUCESSO

================================================================================
Data Execução: 2026-08-17 23:52:07
Período: 2026-08-02 até 2026-08-17
REPORT_ID: 1969a621-cd6f-46fa-bf50-066523bb82f1
FILE_ID: 76e2edda-3ce6-47f5-aa60-c61018c14dbc
Arquivo: vendas_cursos_livres_2026-08-02_2026-08-17.csv
Tempo Processamento: 2.2 minutos
Tempo Total: 2.39 minutos
Status: SUCESSO

================================================================================
Data Execução: 2026-08-18 16:01:28
Período: 2026-08-03 até 2026-08-18
REPORT_ID: bfc7908e-2e72-42ea-ad0a-1bce9ea675c6
FILE_ID: f04dea43-aff0-491f-aa04-9064095e6225
Arquivo: vendas_cursos_livres_2026-08-03_2026-08-18.csv
Tempo Processamento: 1.69 minutos
Tempo Total: 1.94 minutos
Status: SUCESSO

================================================================================
Data Execução: 2026-08-18 17:35:44
Período: 2026-08-03 até 2026-08-18
REPORT_ID: e10a02d2-f2fd-419f-87e9-33e70668aba3
FILE_ID: 7ac2577b-4a10-42a8-bb66-2a49387e10ad
Arquivo: vendas_cursos_livres_2026-08-03_2026-08-18.csv
Tempo Processamento: 2.42 minutos
Tempo Total: 2.6 minutos
Status: SUCESSO

================================================================================
Data Execução: 2026-08-18 17:52:33
Período: 2026-08-03 até 2026-08-18
REPORT_ID: fd13dc3f-48c2-4add-a7d4-607b11b59b1c
FILE_ID: 23b94263-e13b-4d1c-b813-8fcd742473d3
Arquivo: vendas_cursos_livres_2026-08-03_2026-08-18.csv
Tempo Processamento: 2.43 minutos
Tempo Total: 2.61 minutos
Status: SUCESSO

================================================================================
Data Execução: 2026-08-18 22:00:03
Período: 2026-01-01 até 2026-08-18
REPORT_ID: d351b708-d4d3-47b1-8d58-1ada12b64a87
FILE_ID: 65055171-b70b-4a07-8ff4-6fe72b993f4d
Arquivo: vendas_cursos_livres_2026-01-01_2026-08-18.csv
Tempo Processamento: 7.2 minutos
Tempo Total: 7.41 minutos
Status: SUCESSO

================================================================================
Data Execução: 2026-08-18 22:30:15
Período: 2026-01-01 até 2026-08-18
REPORT_ID: 080bf1b3-47ac-4656-9a28-3b4eb48c8c46
FILE_ID: 3822c0f1-6689-4901-9aa2-936e789ec761
Arquivo: vendas_cursos_livres_2026-01-01_2026-08-18.csv
Tempo Processamento: 5.21 minutos
Tempo Total: 5.47 minutos
Status: SUCESSO

================================================================================
Data Execução: 2026-08-18 22:54:57
Período: 2026-01-01 até 2026-08-18
REPORT_ID: 51fcc360-19a0-4151-a38d-f30bb95ffad7
FILE_ID: 00010d8c-4976-4eb2-9035-5b3f63bb11c1
Arquivo: vendas_cursos_livres_2026-01-01_2026-08-18.csv
Tempo Processamento: 23.32 minutos
Tempo Total: 23.49 minutos
Status: SUCESSO

================================================================================
Data Execução: 2026-08-19 21:59:29
Período: 2026-01-01 até 2026-08-19
REPORT_ID: 289b98dd-ad77-4147-9121-0fa9f1e8d831
FILE_ID: 2aba1df8-6b0b-41fd-8a30-351cbf430e43
Arquivo: vendas_cursos_livres_2026-01-01_2026-08-19.csv
Tempo Processamento: 1.82 minutos
Tempo Total: 2.19 minutos
Status: SUCESSO

================================================================================
Data Execução: 2026-08-19 22:19:41
Período: 2026-01-01 até 2026-08-19
REPORT_ID: 6c9e5645-c8cf-4872-813b-7e4af94e53e2
FILE_ID: 3aa3df1a-dc41-439d-a446-d120eef86ff6
Arquivo: vendas_cursos_livres_2026-01-01_2026-08-19.csv
Tempo Processamento: 2.38 minutos
Tempo Total: 2.73 minutos
Status: SUCESSO

================================================================================
Data Execução: 2026-08-19 23:01:29
Período: 2026-01-01 até 2026-08-19
REPORT_ID: 2dad3e8a-61a9-4986-ae5e-143152323fe3
FILE_ID: 439d7da7-a463-45f6-a8a3-a4700874a9a9
Arquivo: vendas_cursos_livres_2026-01-01_2026-08-19.csv
Tempo Processamento: 18.13 minutos
Tempo Total: 18.39 minutos
Status: SUCESSO

================================================================================
Data Execução: 2026-08-19 23:10:00
Período: 2026-08-04 até 2026-08-19
REPORT_ID: ead881cd-3474-4cf9-95e2-a7e04e19952a
FILE_ID: b350efd2-3f9f-4ab0-81a6-a5f58d38c4cf
Arquivo: vendas_cursos_livres_2026-08-04_2026-08-19.csv
Tempo Processamento: 2.88 minutos
Tempo Total: 3.12 minutos
Status: SUCESSO

================================================================================
Data Execução: 2026-08-19 23:19:35
Período: 2026-08-04 até 2026-08-19
REPORT_ID: f5a66975-4088-4b2a-88f0-3f3928da6cbf
FILE_ID: e811ca04-5e31-464a-a731-1db01dc1d34a
Arquivo: vendas_cursos_livres_2026-08-04_2026-08-19.csv
Tempo Processamento: 3.61 minutos
Tempo Total: 3.81 minutos
Status: SUCESSO

================================================================================
Data Execução: 2026-08-20 10:53:39
Período: 2026-08-05 até 2026-08-20
REPORT_ID: cf90c2d8-8591-4761-97f9-19e8b7f7386f
FILE_ID: faeded40-f3eb-44ee-a906-a438024f117a
Arquivo: vendas_cursos_livres_2026-08-05_2026-08-20.csv
Tempo Processamento: 0.57 minutos
Tempo Total: 0.81 minutos
Status: SUCESSO

================================================================================
Data Execução: 2026-08-20 10:59:08
Período: 2026-08-05 até 2026-08-20
REPORT_ID: ca9b70a8-9c2d-4c6c-8f1c-7fc846ab8667
FILE_ID: c4c482cc-b15f-4547-89ce-8fa336e8f8c8
Arquivo: vendas_cursos_livres_2026-08-05_2026-08-20.csv
Tempo Processamento: 2.42 minutos
Tempo Total: 2.61 minutos
Status: SUCESSO

================================================================================
Data Execução: 2026-08-20 17:54:28
Período: 2026-01-01 até 2026-08-20
REPORT_ID: 18ff4b5c-c4a1-47e5-9b41-a80da917596e
FILE_ID: 056d3e68-68ad-4d64-8fec-f69689722845
Arquivo: vendas_cursos_livres_2026-01-01_2026-08-20.csv
Tempo Processamento: 33.94 minutos
Tempo Total: 34.15 minutos
Status: SUCESSO

================================================================================
Data Execução: 2026-08-20 22:04:38
Período: 2026-08-05 até 2026-08-20
REPORT_ID: 8830795f-85d5-4514-b4e9-aae11b2a800f
FILE_ID: cd3d15f5-dceb-4202-9c7d-df20c06183f8
Arquivo: vendas_cursos_livres_2026-08-05_2026-08-20.csv
Tempo Processamento: 2.53 minutos
Tempo Total: 2.73 minutos
Status: SUCESSO

================================================================================
Data Execução: 2026-08-20 22:11:37
Período: 2026-08-05 até 2026-08-20
REPORT_ID: 1790edf9-7007-432b-b3dd-1a5ef48fab05
FILE_ID: 1162f6e4-4704-4123-b3d1-bfaad7c06968
Arquivo: vendas_cursos_livres_2026-08-05_2026-08-20.csv
Tempo Processamento: 2.17 minutos
Tempo Total: 2.37 minutos
Status: SUCESSO

================================================================================
Data Execução: 2026-08-20 22:48:23
Período: 2026-01-01 até 2026-08-20
REPORT_ID: b1a13984-fc45-4873-8e26-7dc688491ea6
FILE_ID: 21104729-fbea-46ce-b4f3-888e86117815
Arquivo: vendas_cursos_livres_2026-01-01_2026-08-20.csv
Tempo Processamento: 31.34 minutos
Tempo Total: 31.58 minutos
Status: SUCESSO

================================================================================
Data Execução: 2026-08-20 23:01:31
Período: 2026-08-05 até 2026-08-20
REPORT_ID: d9710756-8553-4bbe-b58e-db2c45fa00ea
FILE_ID: ea63df67-38c7-4788-a3d9-02e0c2cc5daa
Arquivo: vendas_cursos_livres_2026-08-05_2026-08-20.csv
Tempo Processamento: 1.64 minutos
Tempo Total: 1.89 minutos
Status: SUCESSO

================================================================================
Data Execução: 2026-08-20 23:06:29
Período: 2026-08-05 até 2026-08-20
REPORT_ID: be8a3f25-89e2-437b-bbe3-51b6e020e3f7
FILE_ID: 9cd8f2c7-4dfe-447e-ac68-14d3b87ad4c0
Arquivo: vendas_cursos_livres_2026-08-05_2026-08-20.csv
Tempo Processamento: 2.18 minutos
Tempo Total: 2.36 minutos
Status: SUCESSO

================================================================================
Data Execução: 2026-08-20 23:10:20
Período: 2026-08-05 até 2026-08-20
REPORT_ID: 50c51076-defb-4511-84ad-edb817a51979
FILE_ID: 00a27698-3e64-4443-b41c-ce768104de72
Arquivo: vendas_cursos_livres_2026-08-05_2026-08-20.csv
Tempo Processamento: 2.01 minutos
Tempo Total: 2.21 minutos
Status: SUCESSO

================================================================================
Data Execução: 2026-08-22 15:51:23
Período: 2025-01-01 até 2026-08-22
REPORT_ID: f78bea5a-e506-418c-bf31-3928a55a0f6a
FILE_ID: 4f5f2897-6af6-402a-9341-2f9f77f1e91a
Arquivo: vendas_cursos_livres_2025-01-01_2026-08-22.csv
Tempo Processamento: 20.2 minutos
Tempo Total: 20.7 minutos
Status: SUCESSO

================================================================================
Data Execução: 2026-08-22 17:06:08
Período: 2025-01-01 até 2026-08-22
REPORT_ID: 117914fb-c7ea-469e-a73e-7f23422b1a2b
FILE_ID: 094f966b-b6c9-43bb-87a2-6630c35e48b4
Arquivo: vendas_cursos_livres_2025-01-01_2026-08-22.csv
Tempo Processamento: 46.36 minutos
Tempo Total: 46.7 minutos
Status: SUCESSO

================================================================================
Data Execução: 2026-08-22 17:46:18
Período: 2026-01-01 até 2026-08-22
REPORT_ID: 5fdc8634-9c2d-4a62-afb7-e5f795992073
FILE_ID: 7db0111d-70d4-4163-a3e5-ffd10617ef6d
Arquivo: vendas_cursos_livres_2026-01-01_2026-08-22.csv
Tempo Processamento: 31.97 minutos
Tempo Total: 32.2 minutos
Status: SUCESSO

================================================================================
Data Execução: 2026-08-22 18:03:31
Período: 2025-01-01 até 2026-08-22
REPORT_ID: e4c00ace-64ad-41e8-b1ff-1d5f1980d5fc
FILE_ID: 061b4597-4651-471b-ba2d-0afa701a14fb
Arquivo: vendas_cursos_livres_2025-01-01_2026-08-22.csv
Tempo Processamento: 12.36 minutos
Tempo Total: 13.43 minutos
Status: SUCESSO

================================================================================
Data Execução: 2026-08-22 19:01:52
Período: 2025-01-01 até 2025-12-31
REPORT_ID: e955707c-c86f-4829-ae94-666cc55139b4
FILE_ID: 36060b0e-18b4-4349-8195-fe9412046a4e
Arquivo: vendas_cursos_livres_2025-01-01_2025-12-31.csv
Tempo Processamento: 51.86 minutos
Tempo Total: 52.17 minutos
Status: SUCESSO

================================================================================
Data Execução: 2026-08-22 19:46:04
Período: 2026-01-01 até 2026-08-22
REPORT_ID: e2ee1ca4-1339-45df-8515-99f96efc2b40
FILE_ID: f4b057cd-89ca-49b9-a478-3f2e4d282d17
Arquivo: vendas_cursos_livres_2026-01-01_2026-08-22.csv
Tempo Processamento: 32.17 minutos
Tempo Total: 32.4 minutos
Status: SUCESSO

================================================================================
Data Execução: 2026-08-22 22:19:23
Período: 2026-08-07 até 2026-08-22
REPORT_ID: d5320d5b-7afe-46d1-9e36-cf16db25e13b
FILE_ID: ae3dd044-0aea-44dd-b6f4-913512c61e25
Arquivo: vendas_cursos_livres_2026-08-07_2026-08-22.csv
Tempo Processamento: 2.38 minutos
Tempo Total: 2.86 minutos
Status: SUCESSO

================================================================================
Data Execução: 2026-08-22 23:01:26
Período: 2026-07-23 até 2026-08-22
REPORT_ID: 82804610-4688-48fe-a315-a22b774e4a45
FILE_ID: 4af16309-c36b-4926-b063-b835cd96b10e
Arquivo: vendas_cursos_livres_2026-07-23_2026-08-22.csv
Tempo Processamento: 3.59 minutos
Tempo Total: 3.9 minutos
Status: SUCESSO

================================================================================
Data Execução: 2026-08-22 23:24:46
Período: 2026-07-23 até 2026-08-22
REPORT_ID: 87f9d24b-4bea-409a-80e5-b7876fcbfc6c
FILE_ID: 38df6ccb-a022-48f2-8602-7a18e58b1b22
Arquivo: vendas_cursos_livres_2026-07-23_2026-08-22.csv
Tempo Processamento: 4.14 minutos
Tempo Total: 4.59 minutos
Status: SUCESSO

================================================================================
Data Execução: 2026-08-22 23:56:15
Período: 2026-07-23 até 2026-08-22
REPORT_ID: 27315e18-f163-41ec-b55a-44035cd8f363
FILE_ID: 69086c22-5577-442a-a58f-6060c88a70aa
Arquivo: vendas_cursos_livres_2026-07-23_2026-08-22.csv
Tempo Processamento: 4.0 minutos
Tempo Total: 4.24 minutos
Status: SUCESSO

================================================================================
Data Execução: 2026-08-23 00:09:24
Período: 2026-07-24 até 2026-08-23
REPORT_ID: c3738888-5c50-4169-ad8d-948bca708923
FILE_ID: f6e0ce7a-5918-43cd-98c4-31dc18f3f501
Arquivo: vendas_cursos_livres_2026-07-24_2026-08-23.csv
Tempo Processamento: 4.17 minutos
Tempo Total: 4.42 minutos
Status: SUCESSO

================================================================================
Data Execução: 2026-08-23 15:27:22
Período: 2026-07-24 até 2026-08-23
REPORT_ID: 38d9a329-8d45-4151-b9e4-391aad055062
FILE_ID: 9fbcd307-0f9e-452e-b26f-e43766f090a1
Arquivo: vendas_cursos_livres_2026-07-24_2026-08-23.csv
Tempo Processamento: 4.14 minutos
Tempo Total: 4.36 minutos
Status: SUCESSO

================================================================================
Data Execução: 2026-08-23 15:40:31
Período: 2026-07-24 até 2026-08-23
REPORT_ID: efe869d0-39e4-4795-a236-e1f29304445b
FILE_ID: 222f02f4-da20-4b66-bc99-e50422da429a
Arquivo: vendas_cursos_livres_2026-07-24_2026-08-23.csv
Tempo Processamento: 4.33 minutos
Tempo Total: 4.61 minutos
Status: SUCESSO

================================================================================
Data Execução: 2026-08-23 16:19:47
Período: 2026-01-01 até 2026-08-23
REPORT_ID: 22d3fcc1-fff1-4af4-8599-74d1bd4f5904
FILE_ID: e874fb8f-f8c5-40bd-8ef8-cf7facbe158c
Arquivo: vendas_cursos_livres_2026-01-01_2026-08-23.csv
Tempo Processamento: 15.15 minutos
Tempo Total: 15.36 minutos
Status: SUCESSO

================================================================================
Data Execução: 2026-08-23 20:59:44
Período: 2026-01-01 até 2026-08-23
REPORT_ID: d6e474ea-2569-48f3-aa54-72fc49450f5b
FILE_ID: ac1267f2-6e99-4a36-bfcc-e89d7bfd0df1
Arquivo: vendas_cursos_livres_2026-01-01_2026-08-23.csv
Tempo Processamento: 13.12 minutos
Tempo Total: 13.63 minutos
Status: SUCESSO

================================================================================
Data Execução: 2026-08-23 21:48:37
Período: 2026-01-01 até 2026-08-23
REPORT_ID: c0acc0ec-0607-4900-8433-977513672c64
FILE_ID: 2d9a4040-077f-4b1b-b0c6-4abeb1907363
Arquivo: vendas_cursos_livres_2026-01-01_2026-08-23.csv
Tempo Processamento: 31.5 minutos
Tempo Total: 31.71 minutos
Status: SUCESSO

================================================================================
Data Execução: 2026-08-23 22:01:06
Período: 2026-07-24 até 2026-08-23
REPORT_ID: f66cf8df-4055-41b4-94e6-b7110b827956
FILE_ID: b0fe229d-c69a-43ed-bc31-f543ad0b9b72
Arquivo: vendas_cursos_livres_2026-07-24_2026-08-23.csv
Tempo Processamento: 4.3 minutos
Tempo Total: 5.24 minutos
Status: SUCESSO

================================================================================
Data Execução: 2026-08-23 23:02:27
Período: 2025-01-01 até 2025-12-31
REPORT_ID: 4e8fa701-c8bf-4c26-a1d0-e761624dfbc7
FILE_ID: b0be6bcb-90ff-411d-9b22-825289ba6666
Arquivo: vendas_cursos_livres_2025-01-01_2025-12-31.csv
Tempo Processamento: 18.91 minutos
Tempo Total: 19.26 minutos
Status: SUCESSO

================================================================================
Data Execução: 2026-08-23 23:13:46
Período: 2026-07-24 até 2026-08-23
REPORT_ID: e673d72d-f8ac-4576-ae8d-619e9db173b3
FILE_ID: 9b59c8a4-dce6-428d-a424-d533366b752a
Arquivo: vendas_cursos_livres_2026-07-24_2026-08-23.csv
Tempo Processamento: 2.53 minutos
Tempo Total: 2.83 minutos
Status: SUCESSO

================================================================================
Data Execução: 2026-08-23 23:19:22
Período: 2026-07-24 até 2026-08-23
REPORT_ID: 34e4ca18-a682-45df-9b7f-3362a4cc5e8b
FILE_ID: f026283f-1cb6-4409-8910-84abb4dbbc77
Arquivo: vendas_cursos_livres_2026-07-24_2026-08-23.csv
Tempo Processamento: 4.11 minutos
Tempo Total: 4.3 minutos
Status: SUCESSO

================================================================================
Data Execução: 2026-08-24 11:25:10
Período: 2026-07-25 até 2026-08-24
REPORT_ID: 0e3581b9-14b4-4087-9a06-5048e2f8737a
FILE_ID: aaff3e1e-baf6-40ce-850a-4ce02ae3b4cd
Arquivo: vendas_cursos_livres_2026-07-25_2026-08-24.csv
Tempo Processamento: 4.57 minutos
Tempo Total: 4.82 minutos
Status: SUCESSO

================================================================================
Data Execução: 2026-08-24 11:55:30
Período: 2026-07-25 até 2026-08-24
REPORT_ID: 788b229d-bb03-4ea5-b009-435988900c3c
FILE_ID: 31843b45-fb90-4adf-aa16-06e31333dba2
Arquivo: vendas_cursos_livres_2026-07-25_2026-08-24.csv
Tempo Processamento: 4.91 minutos
Tempo Total: 5.17 minutos
Status: SUCESSO

================================================================================
Data Execução: 2026-08-24 17:48:14
Período: 2026-07-25 até 2026-08-24
REPORT_ID: 78ff2f71-5270-4b3c-927d-ec46a5275840
FILE_ID: 2195a49d-ee66-4969-aedc-46d455a6ec1b
Arquivo: vendas_cursos_livres_2026-07-25_2026-08-24.csv
Tempo Processamento: 4.91 minutos
Tempo Total: 5.03 minutos
Status: SUCESSO

================================================================================
Data Execução: 2026-08-24 17:58:46
Período: 2026-07-01 até 2026-07-31
REPORT_ID: 16066766-935a-4afd-938c-ddf2d613db84
FILE_ID: 6cfc81d8-35b3-44c5-9022-c1fc162b4ff4
Arquivo: vendas_cursos_livres_2026-07-01_2026-07-31.csv
Tempo Processamento: 5.44 minutos
Tempo Total: 5.63 minutos
Status: SUCESSO

================================================================================
Data Execução: 2026-08-24 18:44:37
Período: 2025-01-01 até 2026-08-24
REPORT_ID: 4849bbdd-0fb1-477d-a9a7-7ab8f9f49521
FILE_ID: 92c489fe-9668-4528-9098-68fb6a404aed
Arquivo: vendas_cursos_livres_2025-01-01_2026-08-24.csv
Tempo Processamento: 5.8 minutos
Tempo Total: 6.05 minutos
Status: SUCESSO

================================================================================
Data Execução: 2026-08-24 19:18:42
Período: 2026-01-01 até 2026-08-24
REPORT_ID: 53559ad1-cebb-4e8b-8022-48858dd234c4
FILE_ID: 0530e6f8-e8e1-4c88-b29e-7788587da5db
Arquivo: vendas_cursos_livres_2026-01-01_2026-08-24.csv
Tempo Processamento: 8.46 minutos
Tempo Total: 8.56 minutos
Status: SUCESSO

================================================================================
Data Execução: 2026-08-24 19:33:45
Período: 2026-01-01 até 2026-08-24
REPORT_ID: 5afb4181-93a9-4da1-9ebd-5e9fa433d7f1
FILE_ID: f0ffb7e7-6db3-4edc-9ee4-2b83349da070
Arquivo: vendas_cursos_livres_2026-01-01_2026-08-24.csv
Tempo Processamento: 1.26 minutos
Tempo Total: 1.37 minutos
Status: SUCESSO

================================================================================
Data Execução: 2026-08-24 21:11:30
Período: 2026-07-01 até 2026-07-31
REPORT_ID: 9b8566f8-4f27-49b1-888f-1cc0b22efa4a
FILE_ID: 3b4aea53-66e4-48de-8fae-96d067814da0
Arquivo: vendas_cursos_livres_2026-07-01_2026-07-31.csv
Tempo Processamento: 6.18 minutos
Tempo Total: 6.23 minutos
Status: SUCESSO

================================================================================
Data Execução: 2026-08-24 21:18:42
Período: 2026-01-01 até 2026-01-31
REPORT_ID: 88c626b9-c984-4d34-8937-4ad1d77dffd2
FILE_ID: e63f658b-bff4-4326-a238-3dc8cafb8ce4
Arquivo: vendas_cursos_livres_2026-01-01_2026-01-31.csv
Tempo Processamento: 2.18 minutos
Tempo Total: 2.24 minutos
Status: SUCESSO

================================================================================
Data Execução: 2026-08-24 21:34:19
Período: 2026-06-01 até 2026-06-31
REPORT_ID: 05bb48b7-6028-40a3-b58d-130121b536dd
FILE_ID: 01bb808a-e8dc-48de-8811-1e8e14481ad6
Arquivo: vendas_cursos_livres_2026-06-01_2026-06-31.csv
Tempo Processamento: 6.87 minutos
Tempo Total: 8.48 minutos
Status: SUCESSO

================================================================================
Data Execução: 2026-08-24 22:01:23
Período: 2026-01-01 até 2026-08-24
REPORT_ID: cbcf4480-4dd0-44d5-9acc-692a9dd73e19
FILE_ID: 962d0dfc-70af-4c99-99f8-3ba236741b33
Arquivo: vendas_cursos_livres_2026-01-01_2026-08-24.csv
Tempo Processamento: 19.18 minutos
Tempo Total: 19.25 minutos
Status: SUCESSO

================================================================================
Data Execução: 2026-08-24 22:24:47
Período: 2026-08-01 até 2026-08-24
REPORT_ID: d7b99d4f-11d8-49cb-b510-237d368c243e
FILE_ID: caf584f0-b9b3-402a-befb-e937eb601d37
Arquivo: vendas_cursos_livres_2026-08-01_2026-08-24.csv
Tempo Processamento: 3.44 minutos
Tempo Total: 3.48 minutos
Status: SUCESSO

================================================================================
Data Execução: 2026-08-24 23:01:52
Período: 2026-01-01 até 2026-08-24
REPORT_ID: ac9927d0-973c-41d1-a653-2231b998254d
FILE_ID: 93e27696-3824-498c-beb3-8be724458cfb
Arquivo: vendas_cursos_livres_2026-01-01_2026-08-24.csv
Tempo Processamento: 32.69 minutos
Tempo Total: 32.76 minutos
Status: SUCESSO

================================================================================
Data Execução: 2026-08-25 11:18:38
Período: 2025-01-01 até 2025-12-31
REPORT_ID: fabe461a-6b47-4573-a3bf-41b87e969001
FILE_ID: c6f56f83-cd45-4648-8be3-65ab99523ee4
Arquivo: vendas_cursos_livres_2025-01-01_2025-12-31.csv
Tempo Processamento: 7.56 minutos
Tempo Total: 7.76 minutos
Status: SUCESSO

================================================================================
Data Execução: 2026-08-25 14:42:34
Período: 2026-07-26 até 2026-08-25
REPORT_ID: cceede58-b9d7-421d-8f9c-db318c3f0bce
FILE_ID: b41d505f-0ca0-4015-b36c-70979627a017
Arquivo: vendas_cursos_livres_2026-07-26_2026-08-25.csv
Tempo Processamento: 4.53 minutos
Tempo Total: 4.67 minutos
Status: SUCESSO

================================================================================
Data Execução: 2026-08-25 14:53:06
Período: 2026-07-26 até 2026-08-25
REPORT_ID: 12276a82-16a6-45f0-b7b8-eb0c3cab112e
FILE_ID: aa4d4ba3-a82d-49ad-a757-c86a1d402d82
Arquivo: vendas_cursos_livres_2026-07-26_2026-08-25.csv
Tempo Processamento: 4.67 minutos
Tempo Total: 4.76 minutos
Status: SUCESSO

================================================================================
Data Execução: 2026-08-25 15:11:19
Período: 2026-07-26 até 2026-08-25
REPORT_ID: 8f795c23-7024-4127-a302-9dfe93d06652
FILE_ID: 9acd10af-c995-4607-984a-0cdc8468edcb
Arquivo: vendas_cursos_livres_2026-07-26_2026-08-25.csv
Tempo Processamento: 4.56 minutos
Tempo Total: 4.76 minutos
Status: SUCESSO

================================================================================
Data Execução: 2026-08-26 18:39:53
Período: 2026-01-01 até 2026-08-26
REPORT_ID: 661b2e9c-d8d5-4783-8122-8c706ca74818
FILE_ID: 61e080b5-1c76-47c5-bf45-ae5b0084f736
Arquivo: vendas_cursos_livres_2026-01-01_2026-08-26.csv
Tempo Processamento: 22.81 minutos
Tempo Total: 22.89 minutos
Status: SUCESSO

================================================================================
Data Execução: 2026-08-26 18:49:06
Período: 2026-01-01 até 2025-12-31
REPORT_ID: 3970dd79-db8f-424a-aaa5-38af1e14518e
FILE_ID: 1d096fb2-9d2c-4e75-8772-cfb82a372d33
Arquivo: vendas_cursos_livres_2026-01-01_2025-12-31.csv
Tempo Processamento: 0.46 minutos
Tempo Total: 0.55 minutos
Status: SUCESSO

================================================================================
Data Execução: 2026-08-26 19:01:31
Período: 2026-01-01 até 2026-08-26
REPORT_ID: d6f6b953-6e35-4886-8a92-969d2b80d2db
FILE_ID: 875b3299-2f26-4c42-9006-851d80cc36fa
Arquivo: vendas_cursos_livres_2026-01-01_2026-08-26.csv
Tempo Processamento: 10.75 minutos
Tempo Total: 10.83 minutos
Status: SUCESSO

================================================================================
Data Execução: 2026-08-27 09:19:58
Período: 2025-01-01 até 2025-12-31
REPORT_ID: 13fa09d6-b9b8-4950-b4c4-98b4976f5cbb
FILE_ID: 1b971579-7b60-486f-a641-da322b6aafdd
Arquivo: vendas_cursos_livres_2025-01-01_2025-12-31.csv
Tempo Processamento: 4.27 minutos
Tempo Total: 4.62 minutos
Status: SUCESSO

================================================================================
Data Execução: 2026-08-27 10:36:35
Período: 2026-07-28 até 2026-08-27
REPORT_ID: 07396763-e69d-4a7c-b32e-c5869ddd5f01
FILE_ID: 6e3763bc-2dee-4936-86ba-f857cafae660
Arquivo: vendas_cursos_livres_2026-07-28_2026-08-27.csv
Tempo Processamento: 4.63 minutos
Tempo Total: 4.78 minutos
Status: SUCESSO

================================================================================
Data Execução: 2026-08-27 11:19:35
Período: 2026-07-28 até 2026-08-27
REPORT_ID: 691d4ebb-02db-4550-b902-f97311eef535
FILE_ID: bb2d4033-9e68-4317-82d4-52625d4831d4
Arquivo: vendas_cursos_livres_2026-07-28_2026-08-27.csv
Tempo Processamento: 4.66 minutos
Tempo Total: 4.81 minutos
Status: SUCESSO

================================================================================
Data Execução: 2026-08-29 17:43:21
Período: 2026-07-30 até 2026-08-29
REPORT_ID: 6cd074dd-55ff-42e7-b503-6916a3a8c23c
FILE_ID: ebbbe4d5-a716-4aa7-82dc-f84effe46eb3
Arquivo: vendas_cursos_livres_2026-07-30_2026-08-29.csv
Tempo Processamento: 4.16 minutos
Tempo Total: 5.14 minutos
Status: SUCESSO

================================================================================
Data Execução: 2026-08-31 09:56:20
Período: 2026-07-31 até 2026-08-31
REPORT_ID: 6f428aef-54a0-4f57-8f3a-6c20788e2f29
FILE_ID: 2988cac2-bab1-4913-89a7-9fbe5d7f6814
Arquivo: vendas_cursos_livres_2026-07-31_2026-08-31.csv
Tempo Processamento: 4.33 minutos
Tempo Total: 5.43 minutos
Status: SUCESSO

================================================================================
Data Execução: 2026-08-31 15:57:04
Período: 2026-07-31 até 2026-08-31
REPORT_ID: 74f4749e-5234-44a7-8372-b6207974dfdd
FILE_ID: a80b85f5-b7d8-476a-ba3e-994eccdfcb57
Arquivo: vendas_cursos_livres_2026-07-31_2026-08-31.csv
Tempo Processamento: 4.35 minutos
Tempo Total: 5.19 minutos
Status: SUCESSO

================================================================================
Data Execução: 2026-09-01 09:48:55
Período: 2026-08-01 até 2026-09-01
REPORT_ID: 3dd083ba-1300-4041-8ad7-5f6894ac7ddc
FILE_ID: c8ed89f5-c1ea-4116-8f06-b3f2781330fd
Arquivo: vendas_cursos_livres_2026-08-01_2026-09-01.csv
Tempo Processamento: 3.39 minutos
Tempo Total: 4.57 minutos
Status: SUCESSO

================================================================================
Data Execução: 2026-09-02 10:37:06
Período: 2026-08-02 até 2026-09-02
REPORT_ID: 82450ee8-1094-4ca3-ab07-f7e3e298ad66
FILE_ID: 109e55cf-ae35-4dae-be52-6f3c8ea3c31d
Arquivo: vendas_cursos_livres_2026-08-02_2026-09-02.csv
Tempo Processamento: 4.68 minutos
Tempo Total: 5.83 minutos
Status: SUCESSO

================================================================================
Data Execução: 2026-09-04 15:38:24
Período: 2026-08-04 até 2026-09-04
REPORT_ID: ed5aa607-74d6-474b-8831-a644fae18384
FILE_ID: 0bcf4760-5ba5-4777-8e33-715acc0e2b4c
Arquivo: vendas_cursos_livres_2026-08-04_2026-09-04.csv
Tempo Processamento: 4.55 minutos
Tempo Total: 5.71 minutos
Status: SUCESSO

================================================================================
Data Execução: 2026-09-04 16:27:12
Período: 2026-08-04 até 2026-09-04
REPORT_ID: 972ccf7e-c7f6-4fcb-bca2-6e199932b697
FILE_ID: 49a90298-3c2a-4b09-9531-4238e2563ddb
Arquivo: vendas_cursos_livres_2026-08-04_2026-09-04.csv
Tempo Processamento: 4.53 minutos
Tempo Total: 5.64 minutos
Status: SUCESSO

================================================================================
Data Execução: 2026-09-08 18:17:29
Período: 2026-08-08 até 2026-09-08
REPORT_ID: 946e00b9-c77a-41b3-b40d-23d47efa1451
FILE_ID: 040699fe-fecd-4b33-a1a1-80b5e6542cc8
Arquivo: vendas_cursos_livres_2026-08-08_2026-09-08.csv
Tempo Processamento: 4.28 minutos
Tempo Total: 5.04 minutos
Status: SUCESSO

================================================================================
Data Execução: 2026-09-10 11:47:44
Período: 2026-08-10 até 2026-09-10
REPORT_ID: 63c31db3-93c9-4abe-aef4-0dfaf02fd95a
FILE_ID: e206f8bb-e2e8-4bc7-acaf-b3352d690984
Arquivo: vendas_cursos_livres_2026-08-10_2026-09-10.csv
Tempo Processamento: 4.88 minutos
Tempo Total: 5.61 minutos
Status: SUCESSO
